// Jest Snapshot v1, https://goo.gl/fbAQLP

exports[`renders correctly 1`] = `
<View
  style={
    Object {
      "backgroundColor": "#FFFFFF",
      "flex": 1,
      "justifyContent": "space-between",
      "paddingHorizontal": 10,
      "paddingVertical": 20,
    }
  }
>
  <View
    style={
      Object {
        "backgroundColor": "#FFFFFF",
        "flex": 1,
        "paddingHorizontal": 20,
      }
    }
  >
    <Text
      style={
        Array [
          Object {
            "color": "#343D58",
            "fontWeight": "bold",
          },
          Object {
            "marginBottom": 25,
          },
          Object {
            "fontSize": 42,
          },
        ]
      }
    >
      Overall performance: 8 of 10 correct answers
    </Text>
    <Text
      style={
        Array [
          Object {
            "color": "#343D58",
            "fontWeight": "bold",
          },
          Object {
            "marginBottom": 25,
          },
          Object {
            "fontSize": 35,
          },
        ]
      }
    >
      Details:
    </Text>
    <Text
      style={
        Object {
          "color": "#171717",
          "fontSize": 28,
        }
      }
    >
      • Easy: 2 of 2
      

      • Medium: 2 of 3
      

      • Hard: 5 of 5
    </Text>
  </View>
  <View
    accessible={true}
    collapsable={false}
    focusable={true}
    onBlur={[Function]}
    onClick={[Function]}
    onFocus={[Function]}
    onResponderGrant={[Function]}
    onResponderMove={[Function]}
    onResponderRelease={[Function]}
    onResponderTerminate={[Function]}
    onResponderTerminationRequest={[Function]}
    onStartShouldSetResponder={[Function]}
    style={
      Array [
        Object {
          "alignItems": "center",
          "backgroundColor": "#4D8AF0",
          "borderRadius": 10,
          "elevation": 4,
          "height": 45,
          "justifyContent": "center",
          "shadowColor": "#000",
          "shadowOffset": Object {
            "height": 2,
            "width": 0,
          },
          "shadowOpacity": 0.23,
          "shadowRadius": 2.62,
        },
        undefined,
        false,
      ]
    }
  >
    <Text
      style={
        Object {
          "color": "#FFFFFF",
          "fontSize": 33,
          "fontWeight": "bold",
        }
      }
    >
      Screen button
    </Text>
  </View>
</View>
`;
