// Jest Snapshot v1, https://goo.gl/fbAQLP

exports[`renders correctly 1`] = `
<RCTScrollView
  contentContainerStyle={
    Object {
      "padding": 10,
    }
  }
>
  <View>
    <View
      accessible={true}
      collapsable={false}
      focusable={true}
      onBlur={[Function]}
      onClick={[Function]}
      onFocus={[Function]}
      onResponderGrant={[Function]}
      onResponderMove={[Function]}
      onResponderRelease={[Function]}
      onResponderTerminate={[Function]}
      onResponderTerminationRequest={[Function]}
      onStartShouldSetResponder={[Function]}
      style={
        Object {
          "flex": 1,
        }
      }
    >
      <View
        style={
          Array [
            Object {
              "backgroundColor": "#FFFFFF",
              "borderRadius": 10,
              "elevation": 4,
              "paddingHorizontal": 15,
              "paddingVertical": 20,
              "shadowColor": "#000",
              "shadowOffset": Object {
                "height": 2,
                "width": 0,
              },
              "shadowOpacity": 0.23,
              "shadowRadius": 2.62,
            },
            Array [
              Object {
                "marginBottom": 20,
              },
              false,
            ],
          ]
        }
      >
        <Text
          style={
            Object {
              "color": "#171717",
              "fontSize": 28,
            }
          }
        >
          Answer 0
        </Text>
      </View>
    </View>
    <View
      accessible={true}
      collapsable={false}
      focusable={true}
      onBlur={[Function]}
      onClick={[Function]}
      onFocus={[Function]}
      onResponderGrant={[Function]}
      onResponderMove={[Function]}
      onResponderRelease={[Function]}
      onResponderTerminate={[Function]}
      onResponderTerminationRequest={[Function]}
      onStartShouldSetResponder={[Function]}
      style={
        Object {
          "flex": 1,
        }
      }
    >
      <View
        style={
          Array [
            Object {
              "backgroundColor": "#FFFFFF",
              "borderRadius": 10,
              "elevation": 4,
              "paddingHorizontal": 15,
              "paddingVertical": 20,
              "shadowColor": "#000",
              "shadowOffset": Object {
                "height": 2,
                "width": 0,
              },
              "shadowOpacity": 0.23,
              "shadowRadius": 2.62,
            },
            Array [
              Object {
                "marginBottom": 20,
              },
              false,
            ],
          ]
        }
      >
        <Text
          style={
            Object {
              "color": "#171717",
              "fontSize": 28,
            }
          }
        >
          Answer 1
        </Text>
      </View>
    </View>
    <View
      accessible={true}
      collapsable={false}
      focusable={true}
      onBlur={[Function]}
      onClick={[Function]}
      onFocus={[Function]}
      onResponderGrant={[Function]}
      onResponderMove={[Function]}
      onResponderRelease={[Function]}
      onResponderTerminate={[Function]}
      onResponderTerminationRequest={[Function]}
      onStartShouldSetResponder={[Function]}
      style={
        Object {
          "flex": 1,
        }
      }
    >
      <View
        style={
          Array [
            Object {
              "backgroundColor": "#FFFFFF",
              "borderRadius": 10,
              "elevation": 4,
              "paddingHorizontal": 15,
              "paddingVertical": 20,
              "shadowColor": "#000",
              "shadowOffset": Object {
                "height": 2,
                "width": 0,
              },
              "shadowOpacity": 0.23,
              "shadowRadius": 2.62,
            },
            Array [
              Object {
                "marginBottom": 20,
              },
              false,
            ],
          ]
        }
      >
        <Text
          style={
            Object {
              "color": "#171717",
              "fontSize": 28,
            }
          }
        >
          Answer 2
        </Text>
      </View>
    </View>
    <View
      accessible={true}
      collapsable={false}
      focusable={true}
      onBlur={[Function]}
      onClick={[Function]}
      onFocus={[Function]}
      onResponderGrant={[Function]}
      onResponderMove={[Function]}
      onResponderRelease={[Function]}
      onResponderTerminate={[Function]}
      onResponderTerminationRequest={[Function]}
      onStartShouldSetResponder={[Function]}
      style={
        Object {
          "flex": 1,
        }
      }
    >
      <View
        style={
          Array [
            Object {
              "backgroundColor": "#FFFFFF",
              "borderRadius": 10,
              "elevation": 4,
              "paddingHorizontal": 15,
              "paddingVertical": 20,
              "shadowColor": "#000",
              "shadowOffset": Object {
                "height": 2,
                "width": 0,
              },
              "shadowOpacity": 0.23,
              "shadowRadius": 2.62,
            },
            Array [
              Object {
                "marginBottom": 20,
              },
              false,
            ],
          ]
        }
      >
        <Text
          style={
            Object {
              "color": "#171717",
              "fontSize": 28,
            }
          }
        >
          Answer 3
        </Text>
      </View>
    </View>
  </View>
</RCTScrollView>
`;
