// Jest Snapshot v1, https://goo.gl/fbAQLP

exports[`renders correctly 1`] = `
<RCTScrollView
  contentContainerStyle={
    Object {
      "paddingBottom": 20,
    }
  }
>
  <View>
    <View
      accessible={true}
      collapsable={false}
      focusable={true}
      onBlur={[Function]}
      onClick={[Function]}
      onFocus={[Function]}
      onResponderGrant={[Function]}
      onResponderMove={[Function]}
      onResponderRelease={[Function]}
      onResponderTerminate={[Function]}
      onResponderTerminationRequest={[Function]}
      onStartShouldSetResponder={[Function]}
      style={
        Array [
          Object {
            "alignItems": "center",
            "backgroundColor": "#F7F7F7",
            "borderColor": "#78809A",
            "borderRadius": 10,
            "borderWidth": 1,
            "elevation": 4,
            "height": 45,
            "justifyContent": "center",
            "shadowColor": "#000",
            "shadowOffset": Object {
              "height": 2,
              "width": 0,
            },
            "shadowOpacity": 0.23,
            "shadowRadius": 2.62,
          },
          Object {
            "marginBottom": 15,
          },
          false,
        ]
      }
    >
      <Text
        style={
          Object {
            "color": "#78809A",
            "fontSize": 33,
            "fontWeight": "bold",
          }
        }
      >
        Category 0
      </Text>
    </View>
    <View
      accessible={true}
      collapsable={false}
      focusable={true}
      onBlur={[Function]}
      onClick={[Function]}
      onFocus={[Function]}
      onResponderGrant={[Function]}
      onResponderMove={[Function]}
      onResponderRelease={[Function]}
      onResponderTerminate={[Function]}
      onResponderTerminationRequest={[Function]}
      onStartShouldSetResponder={[Function]}
      style={
        Array [
          Object {
            "alignItems": "center",
            "backgroundColor": "#F7F7F7",
            "borderColor": "#78809A",
            "borderRadius": 10,
            "borderWidth": 1,
            "elevation": 4,
            "height": 45,
            "justifyContent": "center",
            "shadowColor": "#000",
            "shadowOffset": Object {
              "height": 2,
              "width": 0,
            },
            "shadowOpacity": 0.23,
            "shadowRadius": 2.62,
          },
          Object {
            "marginBottom": 15,
          },
          false,
        ]
      }
    >
      <Text
        style={
          Object {
            "color": "#78809A",
            "fontSize": 33,
            "fontWeight": "bold",
          }
        }
      >
        Category 1
      </Text>
    </View>
    <View
      accessible={true}
      collapsable={false}
      focusable={true}
      onBlur={[Function]}
      onClick={[Function]}
      onFocus={[Function]}
      onResponderGrant={[Function]}
      onResponderMove={[Function]}
      onResponderRelease={[Function]}
      onResponderTerminate={[Function]}
      onResponderTerminationRequest={[Function]}
      onStartShouldSetResponder={[Function]}
      style={
        Array [
          Object {
            "alignItems": "center",
            "backgroundColor": "#F7F7F7",
            "borderColor": "#78809A",
            "borderRadius": 10,
            "borderWidth": 1,
            "elevation": 4,
            "height": 45,
            "justifyContent": "center",
            "shadowColor": "#000",
            "shadowOffset": Object {
              "height": 2,
              "width": 0,
            },
            "shadowOpacity": 0.23,
            "shadowRadius": 2.62,
          },
          Object {
            "marginBottom": 15,
          },
          false,
        ]
      }
    >
      <Text
        style={
          Object {
            "color": "#78809A",
            "fontSize": 33,
            "fontWeight": "bold",
          }
        }
      >
        Category 2
      </Text>
    </View>
    <View
      accessible={true}
      collapsable={false}
      focusable={true}
      onBlur={[Function]}
      onClick={[Function]}
      onFocus={[Function]}
      onResponderGrant={[Function]}
      onResponderMove={[Function]}
      onResponderRelease={[Function]}
      onResponderTerminate={[Function]}
      onResponderTerminationRequest={[Function]}
      onStartShouldSetResponder={[Function]}
      style={
        Array [
          Object {
            "alignItems": "center",
            "backgroundColor": "#F7F7F7",
            "borderColor": "#78809A",
            "borderRadius": 10,
            "borderWidth": 1,
            "elevation": 4,
            "height": 45,
            "justifyContent": "center",
            "shadowColor": "#000",
            "shadowOffset": Object {
              "height": 2,
              "width": 0,
            },
            "shadowOpacity": 0.23,
            "shadowRadius": 2.62,
          },
          Object {
            "marginBottom": 15,
          },
          false,
        ]
      }
    >
      <Text
        style={
          Object {
            "color": "#78809A",
            "fontSize": 33,
            "fontWeight": "bold",
          }
        }
      >
        Category 3
      </Text>
    </View>
  </View>
</RCTScrollView>
`;
